1767921675375:help
1767922086456:hello
1767923363450:l
1767923372072:elle
1767923388817:hpehlhlh
1767923398329:looay
1767923433108:l - Jar
1767923446768:ho peo-lhlJbehbyh-=y
1767923499427:ll-nte
1767923613436:e el
1767923620292:l epe repn"oe"epnoeh aeehlph
1767924108440:help
1767924112084:hello
1767924139016:hello -n=jobayer
1767948834329:help
1767948874296:make:model -m=Sample
1767950786800:help
1767950819440:db:seed -s=UserSeeder
1767955691683:db:seed
1767955855640:b:seed
1767955864611:b:e
1767955900055:db:seed
1768013003880:db:seed -r=RoleSeeder
1768013363920:db:seed
1768197529243:db:seed -s=ApartmentTypeSeeder
1768365835645:make:model ApartmentType
1768365872624:make:model -m=ApartmentType
1768365948782:make:model -m=RoomType
1768365984212:merepso-oTpReosio
1768366030219:ae:osi -=ompReoio
1768366201658:ak:otll -=omTpeonrl
1768366263046:make:repository -r=RoomTypeRepository
1768377138339:db:seed
1768886476699:db:seed -s=FacilityCategorySeeder
1768886772930:db:seed -s=FacilitySeeder
1768889170693:db:seed -s=ApartmentTypeSeeder
1769824645306:db:seed -s=PermissionsSeeder
